////////////////////////////////////////////////////////////////////////////////
///////////////////InstallShield Media Library Report Summary///////////////////
////////////////////////////////////////////////////////////////////////////////

Media Name      : Default
Report Filename : G:\My Installations\Picture Scroller 2.0 Lite\Media\Default\Report Files\1-14-2001 7.37.06PM.rpt
Date            : 01/14/2001
Time            : 7:37PM

Number of Components:                4 
Number of File Groups:               4 
Number of Files:                    13 
Total Size of Files:         4,327,169 (bytes)

==========
COMPONENTS
==========


     Program Files
     Example Files
     Help Files
     Shared DLLs


////////////////////////////////////////////////////////////////////////////////
/////////////////////////////////Report Details/////////////////////////////////
////////////////////////////////////////////////////////////////////////////////


================================================================================
                           COMPONENT: "Program Files"
================================================================================

SUMMARY:
    Total Files:                1 (files for this component only)
    Source Bytes:         806,912 (files for this component only)


                **** File Group: "Program Executable Files" ****


<Directory>: G:\Documents\Picture Scroller 2.0\Lite

    Filename                    Date        Time      Size         Version      
    --------------------------  ----------  --------  -----------  -------------
    Picture Scroller.exe        01/14/2001  19:36:28      806,912  2.0.0.0      
    --------------------------  ----------  --------  -----------  -------------
    Count=1                                               806,912               


================================================================================
                           COMPONENT: "Example Files"
================================================================================

SUMMARY:
    Total Files:                5 (files for this component only)
    Source Bytes:       1,076,331 (files for this component only)


                     **** File Group: "Example Files" ****


<Directory>: G:\Documents\Picture Scroller 2.0\Pics\Included Pics

    Filename                    Date        Time      Size         Version      
    --------------------------  ----------  --------  -----------  -------------
    Grand Tetons.jpg            09/21/2000  12:39:50       40,819               
    Buffalo.jpg                 12/08/2000  12:47:56       71,443               
    Natural Bridge.jpg          09/15/2000  10:20:46       47,735               
    Old Faithful.jpg            09/12/2000  14:24:40       23,606               
    Waterfall.jpg               09/12/2000  14:24:50       85,816               
    --------------------------  ----------  --------  -----------  -------------
    Count=5                                               269,419               


================================================================================
                            COMPONENT: "Help Files"
================================================================================

SUMMARY:
    Total Files:                3 (files for this component only)
    Source Bytes:       1,101,233 (files for this component only)


                       **** File Group: "Help Files" ****


<Directory>: G:\Documents\Picture Scroller 2.0\Lite

    Filename                    Date        Time      Size         Version      
    --------------------------  ----------  --------  -----------  -------------
    Picture Scroller.chm        01/05/2001  09:32:16       24,868               
    --------------------------  ----------  --------  -----------  -------------
    Count=1                                                24,868               


<Directory>: G:\My Installations\Picture Scroller 2.0 Lite

    Filename                    Date        Time      Size         Version      
    --------------------------  ----------  --------  -----------  -------------
    Options.dat                 11/01/2000  16:25:06            0               
    Examples.pcs                11/01/2000  18:50:00           34               
    --------------------------  ----------  --------  -----------  -------------
    Count=2                                                    34               


================================================================================
                            COMPONENT: "Shared DLLs"
================================================================================

SUMMARY:
    Total Files:                4 (files for this component only)
    Source Bytes:       4,327,169 (files for this component only)


                      **** File Group: "Shared DLLs" ****


<Directory>: G:\Documents\Picture Scroller 2.0\Shared Dlls

    Filename                    Date        Time      Size         Version      
    --------------------------  ----------  --------  -----------  -------------
    msvbvm60.dll                12/07/1999  20:00:00    1,384,448  6.0.84.95    
    MSCOMCTL.OCX                07/28/1998  18:01:56    1,062,704  6.0.81.77    
    oleaut32.dll                12/07/1999  20:00:00      614,672  2.40.4512.1  
    olepro32.dll                12/07/1999  20:00:00      164,112  5.0.4512.1   
    --------------------------  ----------  --------  -----------  -------------
    Count=4                                             3,225,936               
