////////////////////////////////////////////////////////////////////////////////
///////////////////InstallShield Media Library Report Summary///////////////////
////////////////////////////////////////////////////////////////////////////////

Media Name      : Default
Report Filename : R:\Projects\Picture Scroller 2.0\My Installations\Picture Scroller 2.0 Deluxe\Media\Default\Report Files\1-11-2004 8.05.56PM.rpt
Date            : 01/11/2004
Time            : 8:05PM

Number of Components:                5 
Number of File Groups:               5 
Number of Files:                    10 
Total Size of Files:         4,265,892 (bytes)

==========
COMPONENTS
==========


     Program Files
     Example Files
     Help Files
     Shared DLLs
     Screen Saver


////////////////////////////////////////////////////////////////////////////////
/////////////////////////////////Report Details/////////////////////////////////
////////////////////////////////////////////////////////////////////////////////


================================================================================
                           COMPONENT: "Program Files"
================================================================================

SUMMARY:
    Total Files:                1 (files for this component only)
    Source Bytes:         987,136 (files for this component only)


                **** File Group: "Program Executable Files" ****


<Directory>: R:\Projects\Picture Scroller 2.0\Deluxe

    Filename                    Date        Time      Size         Version      
    --------------------------  ----------  --------  -----------  -------------
    Picture Scroller.exe        01/11/2004  18:42:49      987,136  2.10.0.0     
    --------------------------  ----------  --------  -----------  -------------
    Count=1                                               987,136               


================================================================================
                            COMPONENT: "Help Files"
================================================================================

SUMMARY:
    Total Files:                4 (files for this component only)
    Source Bytes:       1,015,169 (files for this component only)


                       **** File Group: "Help Files" ****


<Directory>: R:\Projects\Picture Scroller 2.0\My Installations\Picture Scroller 2.0 Deluxe

    Filename                    Date        Time      Size         Version      
    --------------------------  ----------  --------  -----------  -------------
    SSList.pcs                  11/01/2000  03:50:00           34               
    Options.dat                 11/01/2000  01:25:06            0               
    Examples.pcs                11/01/2000  03:50:00           34               
    --------------------------  ----------  --------  -----------  -------------
    Count=3                                                    68               


<Directory>: R:\Projects\Picture Scroller 2.0\Deluxe

    Filename                    Date        Time      Size         Version      
    --------------------------  ----------  --------  -----------  -------------
    Picture Scroller.chm        01/11/2004  19:54:17       27,965               
    --------------------------  ----------  --------  -----------  -------------
    Count=1                                                27,965               


================================================================================
                            COMPONENT: "Shared DLLs"
================================================================================

SUMMARY:
    Total Files:                4 (files for this component only)
    Source Bytes:       4,245,412 (files for this component only)


                      **** File Group: "Shared DLLs" ****


<Directory>: R:\Projects\Picture Scroller 2.0\Shared Dlls

    Filename                    Date        Time      Size         Version      
    --------------------------  ----------  --------  -----------  -------------
    msvbvm60.dll                12/07/1999  05:00:00    1,384,448  6.0.84.95    
    MSCOMCTL.OCX                05/12/2001  07:21:26    1,067,011  6.0.81.77    
    oleaut32.dll                12/07/1999  05:00:00      614,672  2.40.4512.1  
    olepro32.dll                12/07/1999  05:00:00      164,112  5.0.4512.1   
    --------------------------  ----------  --------  -----------  -------------
    Count=4                                             3,230,243               


================================================================================
                           COMPONENT: "Screen Saver"
================================================================================

SUMMARY:
    Total Files:                1 (files for this component only)
    Source Bytes:       4,265,892 (files for this component only)


                      **** File Group: "Screen Saver" ****


<Directory>: R:\Projects\Picture Scroller 2.0\Deluxe\Screen Saver

    Filename                    Date        Time      Size         Version      
    --------------------------  ----------  --------  -----------  -------------
    Picture Scroller.scr        01/11/2004  18:42:57       20,480  2.10.0.0     
    --------------------------  ----------  --------  -----------  -------------
    Count=1                                                20,480               
